// Jest Snapshot v1, https://goo.gl/fbAQLP

exports[`fragment-generator generates a new fragment 1`] = `
"{
  \\"cssPath\\": \\"styles.css\\",
  \\"configurationPath\\": \\"configuration.json\\",
  \\"htmlPath\\": \\"index.html\\",
  \\"jsPath\\": \\"main.js\\",
  \\"name\\": \\"Sample Fragment\\",
  \\"type\\": \\"section\\"
}
"
`;

exports[`fragment-generator generates a new fragment 2`] = `
"<div class=\\"sample-fragment\\">
  <h1 data-lfr-editable-id=\\"title\\" data-lfr-editable-type=\\"text\\">
    Sample Fragment
  </h1>
</div>
"
`;

exports[`fragment-generator generates a new fragment 3`] = `
"
"
`;

exports[`fragment-generator generates a new fragment 4`] = `
"console.group('Sample Fragment');
console.log('fragmentElement', fragmentElement);
console.log('configuration', configuration);
console.groupEnd();
"
`;

exports[`fragment-generator generates new features if supported 1`] = `
"{
  \\"cssPath\\": \\"styles.css\\",
  \\"configurationPath\\": \\"configuration.json\\",
  \\"htmlPath\\": \\"index.html\\",
  \\"jsPath\\": \\"main.js\\",
  \\"name\\": \\"Sample Fragment\\",
  \\"type\\": \\"section\\"
}
"
`;

exports[`fragment-generator generates new features if supported 2`] = `
"<div class=\\"sample-fragment\\">
  <h1 data-lfr-editable-id=\\"title\\" data-lfr-editable-type=\\"text\\">
    Sample Fragment
  </h1>
</div>
"
`;

exports[`fragment-generator generates new features if supported 3`] = `
"
"
`;

exports[`fragment-generator generates new features if supported 4`] = `
"console.group('Sample Fragment');
console.log('fragmentElement', fragmentElement);
console.log('configuration', configuration);
console.groupEnd();
"
`;
